// Jest Snapshot v1, https://goo.gl/fbAQLP

exports[`renders without crashing 1`] = `
<div
  className="MuiPaper-root MuiPaper-elevation1 makeStyles-root-1 MuiPaper-rounded"
>
  <table
    aria-label="simple table"
    className="MuiTable-root makeStyles-table-3"
  >
    <thead
      className="MuiTableHead-root"
    >
      <tr
        className="MuiTableRow-root makeStyles-head-4 MuiTableRow-head"
      >
        <th
          aria-sort={null}
          className="MuiTableCell-root MuiTableCell-head makeStyles-mainRow-5"
          scope="col"
        >
          Case
        </th>
        <th
          aria-sort={null}
          className="MuiTableCell-root MuiTableCell-head makeStyles-mainRow-5"
          scope="col"
        >
          Title
        </th>
        <th
          aria-sort={null}
          className="MuiTableCell-root MuiTableCell-head makeStyles-mainRow-5"
          scope="col"
        >
          Company/Center
        </th>
        <th
          aria-sort={null}
          className="MuiTableCell-root MuiTableCell-head makeStyles-mainRow-5"
          scope="col"
        >
          Status
        </th>
        <th
          aria-sort={null}
          className="MuiTableCell-root MuiTableCell-head makeStyles-mainRow-5"
          scope="col"
        >
          Priority
        </th>
      </tr>
    </thead>
    <tbody
      className="MuiTableBody-root"
    />
  </table>
</div>
`;
